 free -h
lscpu
lsblk
               total        used        free      shared  buff/cache   available
Mem:           3.7Gi       2.5Gi       265Mi       132Mi       1.4Gi       1.2Gi
Swap:          3.7Gi       836Mi       2.9Gi
Architecture:                x86_64
  CPU op-mode(s):            32-bit, 64-bit
  Address sizes:             48 bits physical, 48 bits virtual
  Byte Order:                Little Endian
CPU(s):                      2
  On-line CPU(s) list:       0,1
Vendor ID:                   AuthenticAMD
  Model name:                AMD A6-9220e RADEON R4, 5 COMPUTE CORES 2C+3G
    CPU family:              21
    Model:                   112
    Thread(s) per core:      1
    Core(s) per socket:      1
    Socket(s):               2
    Stepping:                0
    Frequency boost:         enabled
    CPU(s) scaling MHz:      150%
    CPU max MHz:             1600.0000
    CPU min MHz:             1200.0000
    BogoMIPS:                3193.97
    Flags:                   fpu vme de pse tsc msr pae mce cx8 apic sep mtrr pge mca cmov pat pse36 c
                             lflush mmx fxsr sse sse2 ht syscall nx mmxext fxsr_opt pdpe1gb rdtscp lm 
                             constant_tsc rep_good acc_power nopl nonstop_tsc cpuid extd_apicid aperfm
                             perf pni pclmulqdq monitor ssse3 fma cx16 sse4_1 sse4_2 movbe popcnt aes 
                             xsave avx f16c lahf_lm cmp_legacy svm extapic cr8_legacy abm sse4a misali
                             gnsse 3dnowprefetch osvw ibs xop skinit wdt lwp fma4 tce nodeid_msr tbm p
                             erfctr_core perfctr_nb bpext ptsc mwaitx cpb hw_pstate ssbd vmmcall fsgsb
                             ase bmi1 avx2 smep bmi2 xsaveopt arat npt lbrv svm_lock nrip_save tsc_sca
                             le vmcb_clean flushbyasid decodeassists pausefilter pfthreshold avic v_vm
                             save_vmload vgif overflow_recov
Virtualization features:     
  Virtualization:            AMD-V
Caches (sum of all):         
  L1d:                       64 KiB (2 instances)
  L1i:                       128 KiB (2 instances)
  L2:                        2 MiB (2 instances)
NUMA:                        
  NUMA node(s):              1
  NUMA node0 CPU(s):         0,1
Vulnerabilities:             
  Gather data sampling:      Not affected
  Ghostwrite:                Not affected
  Indirect target selection: Not affected
  Itlb multihit:             Not affected
  L1tf:                      Not affected
  Mds:                       Not affected
  Meltdown:                  Not affected
  Mmio stale data:           Not affected
  Reg file data sampling:    Not affected
  Retbleed:                  Mitigation; untrained return thunk; SMT disabled
  Spec rstack overflow:      Not affected
  Spec store bypass:         Mitigation; Speculative Store Bypass disabled via prctl
  Spectre v1:                Mitigation; usercopy/swapgs barriers and __user pointer sanitization
  Spectre v2:                Mitigation; Retpolines; STIBP disabled; RSB filling; PBRSB-eIBRS Not affe
                             cted; BHI Not affected
  Srbds:                     Not affected
  Tsa:                       Not affected
  Tsx async abort:           Not affected
  Vmscape:                   Not affected
NAME   MAJ:MIN RM   SIZE RO TYPE MOUNTPOINTS
loop0    7:0    0    74M  1 loop /snap/core22/2163
loop1    7:1    0     4K  1 loop /snap/bare/5
loop2    7:2    0    74M  1 loop /snap/core22/2193
loop3    7:3    0  66.8M  1 loop /snap/core24/1237
loop4    7:4    0 250.4M  1 loop /snap/firefox/7477
loop5    7:5    0  16.4M  1 loop /snap/firmware-updater/216
loop6    7:6    0  18.5M  1 loop /snap/firmware-updater/210
loop7    7:7    0  66.8M  1 loop /snap/core24/1243
loop8    7:8    0   516M  1 loop /snap/gnome-42-2204/202
loop9    7:9    0 250.8M  1 loop /snap/firefox/7559
loop10   7:10   0 516.2M  1 loop /snap/gnome-42-2204/226
loop11   7:11   0 618.3M  1 loop /snap/gnome-46-2404/125
loop12   7:12   0 669.8M  1 loop /snap/gnome-46-2404/145
loop13   7:13   0  91.7M  1 loop /snap/gtk-common-themes/1535
loop14   7:14   0   395M  1 loop /snap/mesa-2404/1165
loop15   7:15   0 290.8M  1 loop /snap/mesa-2404/912
loop16   7:16   0  10.8M  1 loop /snap/snap-store/1270
loop17   7:17   0  17.5M  1 loop /snap/snap-store/1300
loop18   7:18   0  50.8M  1 loop /snap/snapd/25202
loop19   7:19   0  50.9M  1 loop /snap/snapd/25577
loop20   7:20   0   576K  1 loop /snap/snapd-desktop-integration/315
loop21   7:21   0   568K  1 loop /snap/snapd-desktop-integration/253
loop22   7:22   0 226.3M  1 loop /snap/thunderbird/915
loop23   7:23   0 226.4M  1 loop /snap/thunderbird/919
sda      8:0    0  58.2G  0 disk 
├─sda1   8:1    0     1G  0 part /boot/efi
└─sda2   8:2    0  57.2G  0 part /
kenji-konno@kenji-konno-Inspiron-3180:~/Projects$ 